################################################################################
#                                                                              #
#      IAR Universal Linker V6.4.6.89                                          #
#                                                                              #
#           Link time     =  07/Dec/2016  20:34:42                             #
#           Target CPU    =  MSP430                                            #
#           List file     =  "C:\Users\Ethan\Desktop\New folder (5)\Debug\List #
#                            \Project_08.map"                                  #
#           Output file 1 =  "C:\Users\Ethan\Desktop\New folder (5)\Debug\Exe\ #
#                            Project_08.d43"                                   #
#                            Format: ubrof10                                   #
#                            UBROF version 10.0.6                              #
#                            Using library modules for C-SPY (-rt)             #
#           Command line  =  "C:\Users\Ethan\Desktop\New folder (5)\Debug\Obj\ #
#                            ADC.r43"                                          #
#                            "C:\Users\Ethan\Desktop\New folder (5)\Debug\Obj\ #
#                            clocks.r43"                                       #
#                            "C:\Users\Ethan\Desktop\New folder (5)\Debug\Obj\ #
#                            comm_interrupt.r43"                               #
#                            "C:\Users\Ethan\Desktop\New folder (5)\Debug\Obj\ #
#                            Command.r43"                                      #
#                            "C:\Users\Ethan\Desktop\New folder (5)\Debug\Obj\ #
#                            init.r43"                                         #
#                            "C:\Users\Ethan\Desktop\New folder (5)\LCD.r43"   #
#                            "C:\Users\Ethan\Desktop\New folder (5)\Debug\Obj\ #
#                            LCDdisplay.r43"                                   #
#                            "C:\Users\Ethan\Desktop\New folder (5)\Debug\Obj\ #
#                            main.r43"                                         #
#                            "C:\Users\Ethan\Desktop\New folder (5)\Debug\Obj\ #
#                            Motion.r43"                                       #
#                            "C:\Users\Ethan\Desktop\New folder (5)\Debug\Obj\ #
#                            ports.r43"                                        #
#                            "C:\Users\Ethan\Desktop\New folder (5)\Debug\Obj\ #
#                            PWM_interrupt.r43"                                #
#                            "C:\Users\Ethan\Desktop\New folder (5)\Debug\Obj\ #
#                            Serial.r43"                                       #
#                            "C:\Users\Ethan\Desktop\New folder (5)\Debug\Obj\ #
#                            switch.r43"                                       #
#                            "C:\Users\Ethan\Desktop\New folder (5)\Debug\Obj\ #
#                            switch_interupts.r43"                             #
#                            "C:\Users\Ethan\Desktop\New folder (5)\Debug\Obj\ #
#                            system.r43"                                       #
#                            "C:\Users\Ethan\Desktop\New folder (5)\Debug\Obj\ #
#                            timer_interupts.r43"                              #
#                            "C:\Users\Ethan\Desktop\New folder (5)\Debug\Obj\ #
#                            timers.r43"                                       #
#                            -o                                                #
#                            "C:\Users\Ethan\Desktop\New folder (5)\Debug\Exe\ #
#                            Project_08.d43"                                   #
#                            -l                                                #
#                            "C:\Users\Ethan\Desktop\New folder (5)\Debug\List #
#                            \Project_08.map"                                  #
#                            -xms                                              #
#                            "-IC:\Program Files (x86)\IAR Systems\Embedded Wo #
#                            rkbench 7.4\430\LIB\"                             #
#                            -f                                                #
#                            "C:\Program Files (x86)\IAR Systems\Embedded Work #
#                            bench 7.4\430\config\linker\lnk430fr5739.xcl"     #
#                            (-cmsp430 -QCODE_I=CODE_ID -QTLS16_I=TLS16_ID     #
#                            -D__iar_HWMUL=4C0 -Z(CONST)INFO=1800-18FF         #
#                            -Z(CONST)INFOA=1880-18FF                          #
#                            -Z(CONST)INFOB=1800-187F                          #
#                            -Z(DATA)DATA16_I,DATA16_Z,DATA16_N,TLS16_I=1C00-1 #
#                            FFF                                               #
#                            -Z(DATA)CODE_I                                    #
#                            -Z(DATA)DATA20_I,DATA20_Z,DATA20_N                #
#                            -Z(DATA)CSTACK+_STACK_SIZE#                       #
#                            -Z(CONST)DATA16_P,DATA20_P=C200-FF7F              #
#                            -Z(DATA)DATA16_HEAP+_DATA16_HEAP_SIZE,DATA20_HEAP #
#                            +_DATA20_HEAP_SIZE                                #
#                            -Z(CONST)MPU_B1                                   #
#                            -Z(CONST)DATA16_C,DATA16_ID,TLS16_ID,DIFUNCT,CHEC #
#                            KSUM=C200-FF7F                                    #
#                            -Z(CONST)DATA20_C,DATA20_ID -Z(CONST)MPU_B2       #
#                            -Z(CODE)CSTART,ISR_CODE,CODE_ID=C200-FF7F         #
#                            -P(CODE)CODE,CODE16=C200-FF7F -Z(CODE)CODE_PAD    #
#                            -Z(CONST)SIGNATURE=FF80-FF8F                      #
#                            -Z(CODE)INTVEC=FF90-FFFF                          #
#                            -Z(CODE)RESET=FFFE-FFFF) -f                       #
#                            "C:\Program Files (x86)\IAR Systems\Embedded Work #
#                            bench 7.4\430\config\linker\multiplier32.xcl"     #
#                            (-e?Mul8Hw=?Mul8 -e?Mul16Hw=?Mul16                #
#                            -e?Mul16to32uHw=?Mul16to32u                       #
#                            -e?Mul16to32sHw=?Mul16to32s -e?Mul32Hw32=?Mul32   #
#                            -e?Mul64Hw32=_Mul64i                              #
#                            -e?Mul32u32uto64iHw32=_Mul32u32uto64i             #
#                            -e?Mul32fHw32=_Mul32f                             #
#                            -e_Mul64fHw32Ptr=_Mul64fPtr) -D_STACK_SIZE=A0     #
#                            -rt                                               #
#                            "C:\Program Files (x86)\IAR Systems\Embedded Work #
#                            bench 7.4\430\lib\dlib\dl430xlsfn.r43"            #
#                            -D_DATA16_HEAP_SIZE=A0 -s __program_start         #
#                            -D_DATA20_HEAP_SIZE=50                            #
#                                                                              #
#                           Copyright (C) 1987-2016 IAR Systems AB.            #
################################################################################





                ****************************************
                *                                      *
                *           CROSS REFERENCE            *
                *                                      *
                ****************************************

       Program entry at :           C348  Relocatable, from module : ?cstart




                ****************************************
                *                                      *
                *            RUNTIME MODEL             *
                *                                      *
                ****************************************

  __Heap_Handler             = Basic
  __SystemLibrary            = DLib
  __code_model               = large
  __core                     = 430X
  __data_model               = small
  __dlib_file_descriptor     = 0
  __dlib_full_locale_support = 0
  __double_size              = 32
  __pic                      = no
  __reg_r4                   = free
  __reg_r5                   = free
  __rt_version               = 3

                ****************************************
                *                                      *
                *    AUTOMATIC SYMBOL REDIRECTIONS     *
                *                                      *
                ****************************************

                  There are no automatic symbol redirections.



                ****************************************
                *                                      *
                *              MODULE MAP              *
                *                                      *
                ****************************************


  DEFINED ABSOLUTE ENTRIES
    *************************************************************************

  DEFINED ABSOLUTE ENTRIES
  PROGRAM MODULE, NAME : ?ABS_ENTRY_MOD

Absolute parts
           ENTRY                   ADDRESS         REF BY
           =====                   =======         ======
           _DATA20_HEAP_SIZE       0050 
           _DATA16_HEAP_SIZE       00A0 
           _STACK_SIZE             00A0 
           __iar_HWMUL             04C0 
    *************************************************************************

  FILE NAME : C:\Users\Ethan\Desktop\New folder (5)\Debug\Obj\ADC.r43
  PROGRAM MODULE, NAME : ADC

  SEGMENTS IN THE MODULE
  ======================
DATA16_AN
  Relative segment, address: 0700 - 0701 (0x2 bytes), align: 0
  Segment part 1. ROOT        Intra module refs:   ADC10_ISR
                                                   Init_ADC
           ENTRY                   ADDRESS         REF BY
           =====                   =======         ======
           _A_ADC10CTL0_L          0700 
           LOCAL                   ADDRESS         
           =====                   =======         
           ADC10CTL0               0700 
           ADC10CTL0_H             0701 
           ADC10CTL0_L             0700 
    -------------------------------------------------------------------------
DATA16_AN
  Relative segment, address: 0702 - 0703 (0x2 bytes), align: 0
  Segment part 2. ROOT        Intra module refs:   Init_ADC
           ENTRY                   ADDRESS         REF BY
           =====                   =======         ======
           _A_ADC10CTL1_L          0702 
           LOCAL                   ADDRESS         
           =====                   =======         
           ADC10CTL1               0702 
           ADC10CTL1_H             0703 
           ADC10CTL1_L             0702 
    -------------------------------------------------------------------------
DATA16_AN
  Relative segment, address: 0704 - 0705 (0x2 bytes), align: 0
  Segment part 3. ROOT        Intra module refs:   Init_ADC
           ENTRY                   ADDRESS         REF BY
           =====                   =======         ======
           _A_ADC10CTL2_L          0704 
           LOCAL                   ADDRESS         
           =====                   =======         
           ADC10CTL2               0704 
           ADC10CTL2_H             0705 
           ADC10CTL2_L             0704 
    -------------------------------------------------------------------------
DATA16_AN
  Relative segment, address: 070A - 070B (0x2 bytes), align: 0
  Segment part 4. ROOT        Intra module refs:   ADC10_ISR
                                                   Init_ADC
           ENTRY                   ADDRESS         REF BY
           =====                   =======         ======
           _A_ADC10MCTL0_L         070A 
           LOCAL                   ADDRESS         
           =====                   =======         
           ADC10MCTL0              070A 
           ADC10MCTL0_H            070B 
           ADC10MCTL0_L            070A 
    -------------------------------------------------------------------------
DATA16_AN
  Relative segment, address: 0712 - 0713 (0x2 bytes), align: 0
  Segment part 5. ROOT        Intra module refs:   ADC10_ISR
           ENTRY                   ADDRESS         REF BY
           =====                   =======         ======
           _A_ADC10MEM0_L          0712 
           LOCAL                   ADDRESS         
           =====                   =======         
           ADC10MEM0               0712 
           ADC10MEM0_H             0713 
           ADC10MEM0_L             0712 
    -------------------------------------------------------------------------
DATA16_AN
  Relative segment, address: 071A - 071B (0x2 bytes), align: 0
  Segment part 6. ROOT        Intra module refs:   Init_ADC
           ENTRY                   ADDRESS         REF BY
           =====                   =======         ======
           _A_ADC10IE_L            071A 
           LOCAL                   ADDRESS         
           =====                   =======         
           ADC10IE                 071A 
           ADC10IE_H               071B 
           ADC10IE_L               071A 
    -------------------------------------------------------------------------
DATA16_AN
  Relative segment, address: 071E - 071F (0x2 bytes), align: 0
  Segment part 7. ROOT        Intra module refs:   ADC10_ISR
           ENTRY                   ADDRESS         REF BY
           =====                   =======         ======
           _A_ADC10IV_L            071E 
           LOCAL                   ADDRESS         
           =====                   =======         
           ADC10IV                 071E 
           ADC10IV_H               071F 
           ADC10IV_L               071E 
    -------------------------------------------------------------------------
DATA16_Z
  Relative segment, address: 1C44 - 1C44 (0x1 bytes), align: 0
  Segment part 10.            Intra module refs:   ADC10_ISR
           ENTRY                   ADDRESS         REF BY
           =====                   =======         ======
           ADC_Channel             1C44 
    -------------------------------------------------------------------------
<CODE> 1 (was CODE)
  Relative segment, address: CBDA - CC4F (0x76 bytes), align: 1
  Segment part 11.
           ENTRY                   ADDRESS         REF BY
           =====                   =======         ======
           Init_ADC                CBDA            main (main)
    -------------------------------------------------------------------------
ISR_CODE
  Relative segment, address: C370 - C3D7 (0x68 bytes), align: 1
  Segment part 14.            Intra module refs:   ADC10_ISR::??INTVEC 92
           ENTRY                   ADDRESS         REF BY
           =====                   =======         ======
           ADC10_ISR               C370 
               interrupt function
    -------------------------------------------------------------------------
INTVEC
  Common segment, address: FF90 - FFED (0x5e bytes), align: 1
  Segment part 8. ROOT 
           ENTRY                   ADDRESS         REF BY
           =====                   =======         ======
           ADC10_ISR::??INTVEC 92
                                   FFEC 

    *************************************************************************

  FILE NAME : C:\Users\Ethan\Desktop\New folder (5)\Debug\Obj\clocks.r43
  PROGRAM MODULE, NAME : clocks

  SEGMENTS IN THE MODULE
  ======================
DATA16_AN
  Relative segment, address: 0160 - 0161 (0x2 bytes), align: 0
  Segment part 1. ROOT        Intra module refs:   Init_Clocks
           ENTRY                   ADDRESS         REF BY
           =====                   =======         ======
           _A_CSCTL0_L             0160 
           LOCAL                   ADDRESS         
           =====                   =======         
           CSCTL0                  0160 
           CSCTL0_H                0161 
           CSCTL0_L                0160 
    -------------------------------------------------------------------------
DATA16_AN
  Relative segment, address: 0162 - 0163 (0x2 bytes), align: 0
  Segment part 2. ROOT        Intra module refs:   Init_Clocks
           ENTRY                   ADDRESS         REF BY
           =====                   =======         ======
           _A_CSCTL1_L             0162 
           LOCAL                   ADDRESS         
           =====                   =======         
           CSCTL1                  0162 
           CSCTL1_H                0163 
           CSCTL1_L                0162 
    -------------------------------------------------------------------------
DATA16_AN
  Relative segment, address: 0164 - 0165 (0x2 bytes), align: 0
  Segment part 3. ROOT        Intra module refs:   Init_Clocks
           ENTRY                   ADDRESS         REF BY
           =====                   =======         ======
           _A_CSCTL2_L             0164 
           LOCAL                   ADDRESS         
           =====                   =======         
           CSCTL2                  0164 
           CSCTL2_H                0165 
           CSCTL2_L                0164 
    -------------------------------------------------------------------------
DATA16_AN
  Relative segment, address: 0166 - 0167 (0x2 bytes), align: 0
  Segment part 4. ROOT        Intra module refs:   Init_Clocks
           ENTRY                   ADDRESS         REF BY
           =====                   =======         ======
           _A_CSCTL3_L             0166 
           LOCAL                   ADDRESS         
           =====                   =======         
           CSCTL3                  0166 
           CSCTL3_H                0167 
           CSCTL3_L                0166 
    -------------------------------------------------------------------------
DATA16_AN
  Relative segment, address: 0168 - 0169 (0x2 bytes), align: 0
  Segment part 5. ROOT        Intra module refs:   Init_Clocks
           ENTRY                   ADDRESS         REF BY
           =====                   =======         ======
           _A_CSCTL4_L             0168 
           LOCAL                   ADDRESS         
           =====                   =======         
           CSCTL4                  0168 
           CSCTL4_H                0169 
           CSCTL4_L                0168 
    -------------------------------------------------------------------------
DATA16_AN
  Relative segment, address: 015C - 015D (0x2 bytes), align: 0
  Segment part 6. ROOT        Intra module refs:   Init_Clocks
           ENTRY                   ADDRESS         REF BY
           =====                   =======         ======
           _A_WDTCTL_L             015C 
           LOCAL                   ADDRESS         
           =====                   =======         
           WDTCTL                  015C 
           WDTCTL_H                015D 
           WDTCTL_L                015C 
    -------------------------------------------------------------------------
<CODE> 1 (was CODE)
  Relative segment, address: CC50 - CCC1 (0x72 bytes), align: 1
  Segment part 8.
           ENTRY                   ADDRESS         REF BY
           =====                   =======         ======
           Init_Clocks             CC50            main (main)

    *************************************************************************

  FILE NAME : C:\Users\Ethan\Desktop\New folder (5)\Debug\Obj\comm_interrupt.r43
  PROGRAM MODULE, NAME : comm_interrupt

  SEGMENTS IN THE MODULE
  ======================
DATA16_AN
  Relative segment, address: 05CC - 05CD (0x2 bytes), align: 0
  Segment part 1. ROOT        Intra module refs:   USCI_A0_ISR
           ENTRY                   ADDRESS         REF BY
           =====                   =======         ======
           _A_UCA0RXBUF_L          05CC 
           LOCAL                   ADDRESS         
           =====                   =======         
           UCA0RXBUF               05CC 
           UCA0RXBUF_H             05CD 
           UCA0RXBUF_L             05CC 
    -------------------------------------------------------------------------
DATA16_AN
  Relative segment, address: 05CE - 05CF (0x2 bytes), align: 0
  Segment part 2. ROOT        Intra module refs:   Transmit_Char (Serial)
                                                   USCI_A1_ISR
           ENTRY                   ADDRESS         REF BY
           =====                   =======         ======
           _A_UCA0TXBUF_L          05CE 
           LOCAL                   ADDRESS         
           =====                   =======         
           UCA0TXBUF               05CE 
           UCA0TXBUF_H             05CF 
           UCA0TXBUF_L             05CE 
    -------------------------------------------------------------------------
DATA16_AN
  Relative segment, address: 05DC - 05DD (0x2 bytes), align: 0
  Segment part 3. ROOT        Intra module refs:   Transmit_Char (Serial)
                                                   USCI_A0_ISR
           ENTRY                   ADDRESS         REF BY
           =====                   =======         ======
           _A_UCA0IFG_L            05DC 
           LOCAL                   ADDRESS         
           =====                   =======         
           UCA0IFG                 05DC 
           UCA0IFG_H               05DD 
           UCA0IFG_L               05DC 
    -------------------------------------------------------------------------
DATA16_AN
  Relative segment, address: 05DE - 05DF (0x2 bytes), align: 0
  Segment part 4. ROOT        Intra module refs:   USCI_A0_ISR
           ENTRY                   ADDRESS         REF BY
           =====                   =======         ======
           UCA0IV                  05DE 
    -------------------------------------------------------------------------
DATA16_AN
  Relative segment, address: 05EC - 05ED (0x2 bytes), align: 0
  Segment part 5. ROOT        Intra module refs:   USCI_A1_ISR
           ENTRY                   ADDRESS         REF BY
           =====                   =======         ======
           _A_UCA1RXBUF_L          05EC 
           LOCAL                   ADDRESS         
           =====                   =======         
           UCA1RXBUF               05EC 
           UCA1RXBUF_H             05ED 
           UCA1RXBUF_L             05EC 
    -------------------------------------------------------------------------
DATA16_AN
  Relative segment, address: 05EE - 05EF (0x2 bytes), align: 0
  Segment part 6. ROOT        Intra module refs:   USCI_A0_ISR
                                                   USCI_A1_ISR
                                                   out_wifi (Serial)
           ENTRY                   ADDRESS         REF BY
           =====                   =======         ======
           _A_UCA1TXBUF_L          05EE 
           LOCAL                   ADDRESS         
           =====                   =======         
           UCA1TXBUF               05EE 
           UCA1TXBUF_H             05EF 
           UCA1TXBUF_L             05EE 
    -------------------------------------------------------------------------
DATA16_AN
  Relative segment, address: 05FE - 05FF (0x2 bytes), align: 0
  Segment part 7. ROOT        Intra module refs:   USCI_A1_ISR
           ENTRY                   ADDRESS         REF BY
           =====                   =======         ======
           UCA1IV                  05FE 
    -------------------------------------------------------------------------
ISR_CODE
  Relative segment, address: C3D8 - C42B (0x54 bytes), align: 1
  Segment part 11.            Intra module refs:   USCI_A0_ISR::??INTVEC 96
           ENTRY                   ADDRESS         REF BY
           =====                   =======         ======
           USCI_A0_ISR             C3D8 
               interrupt function
    -------------------------------------------------------------------------
ISR_CODE
  Relative segment, address: C42C - C47B (0x50 bytes), align: 1
  Segment part 12.            Intra module refs:   USCI_A1_ISR::??INTVEC 86
           ENTRY                   ADDRESS         REF BY
           =====                   =======         ======
           USCI_A1_ISR             C42C 
               interrupt function
    -------------------------------------------------------------------------
INTVEC
  Common segment, address: FF90 - FFE7 (0x58 bytes), align: 1
  Segment part 8. ROOT 
           ENTRY                   ADDRESS         REF BY
           =====                   =======         ======
           USCI_A1_ISR::??INTVEC 86
                                   FFE6 
    -------------------------------------------------------------------------
INTVEC
  Common segment, address: FF90 - FFF1 (0x62 bytes), align: 1
  Segment part 9. ROOT 
           ENTRY                   ADDRESS         REF BY
           =====                   =======         ======
           USCI_A0_ISR::??INTVEC 96
                                   FFF0 

    *************************************************************************

  FILE NAME : C:\Users\Ethan\Desktop\New folder (5)\Debug\Obj\Command.r43
  PROGRAM MODULE, NAME : Command

  SEGMENTS IN THE MODULE
  ======================
<CODE> 1 (was CODE)
  Relative segment, address: C596 - C8A9 (0x314 bytes), align: 1
  Segment part 13.
           ENTRY                   ADDRESS         REF BY
           =====                   =======         ======
           Commands                C596            main (main)
               calls direct
    -------------------------------------------------------------------------
DATA16_C
  Relative segment, address: C200 - C207 (0x8 bytes), align: 0
  Segment part 2.             Intra module refs:   Commands
    -------------------------------------------------------------------------
DATA16_C
  Relative segment, address: C208 - C21A (0x13 bytes), align: 0
  Segment part 3.             Intra module refs:   Commands
    -------------------------------------------------------------------------
DATA16_C
  Relative segment, address: C21B - C223 (0x9 bytes), align: 0
  Segment part 4.             Intra module refs:   Commands
    -------------------------------------------------------------------------
DATA16_C
  Relative segment, address: C224 - C233 (0x10 bytes), align: 0
  Segment part 5.             Intra module refs:   Commands
    -------------------------------------------------------------------------
DATA16_C
  Relative segment, address: C234 - C23B (0x8 bytes), align: 0
  Segment part 6.             Intra module refs:   Commands
    -------------------------------------------------------------------------
DATA16_C
  Relative segment, address: C23C - C244 (0x9 bytes), align: 0
  Segment part 7.             Intra module refs:   Commands
    -------------------------------------------------------------------------
DATA16_C
  Relative segment, address: C245 - C24B (0x7 bytes), align: 0
  Segment part 8.             Intra module refs:   Commands
    -------------------------------------------------------------------------
DATA16_C
  Relative segment, address: C24C - C251 (0x6 bytes), align: 0
  Segment part 9.             Intra module refs:   Commands
    -------------------------------------------------------------------------
DATA16_C
  Relative segment, address: C252 - C256 (0x5 bytes), align: 0
  Segment part 10.            Intra module refs:   Commands
    -------------------------------------------------------------------------
DATA16_C
  Relative segment, address: C257 - C25C (0x6 bytes), align: 0
  Segment part 11.            Intra module refs:   Commands

    *************************************************************************

  FILE NAME : C:\Users\Ethan\Desktop\New folder (5)\Debug\Obj\init.r43
  PROGRAM MODULE, NAME : init

  SEGMENTS IN THE MODULE
  ======================
<CODE> 1 (was CODE)
  Relative segment, address: D0DA - D0F7 (0x1e bytes), align: 1
  Segment part 2.
           ENTRY                   ADDRESS         REF BY
           =====                   =======         ======
           Init_Conditions         D0DA            main (main)
               calls direct

    *************************************************************************

  FILE NAME : C:\Users\Ethan\Desktop\New folder (5)\LCD.r43
  PROGRAM MODULE, NAME : LCD

  SEGMENTS IN THE MODULE
  ======================
DATA16_AN
  Relative segment, address: 0202 - 0203 (0x2 bytes), align: 0
  Segment part 1. ROOT        Intra module refs:   Init_Port1 (ports)
                                                   Init_Port2 (ports)
                                                   spi_chipselect_active
                                                   spi_chipselect_idle
                                                   spi_reset_active
                                                   spi_reset_idle
           ENTRY                   ADDRESS         REF BY
           =====                   =======         ======
           _A_PAOUT_L              0202 
           LOCAL                   ADDRESS         
           =====                   =======         
           PAOUT                   0202 
           PAOUT_H                 0203 
           PAOUT_L                 0202 
    -------------------------------------------------------------------------
DATA16_AN
  Relative segment, address: 0222 - 0223 (0x2 bytes), align: 0
  Segment part 2. ROOT        Intra module refs:   Init_LCD
                                                   Init_Port3 (ports)
                                                   Init_Port4 (ports)
                                                   TIMER1_B1_ISR (PWM_interrupt)
           ENTRY                   ADDRESS         REF BY
           =====                   =======         ======
           _A_PBOUT_L              0222 
           LOCAL                   ADDRESS         
           =====                   =======         
           PBOUT                   0222 
           PBOUT_H                 0223 
           PBOUT_L                 0222 
    -------------------------------------------------------------------------
DATA16_AN
  Relative segment, address: 0640 - 0641 (0x2 bytes), align: 0
  Segment part 3. ROOT        Intra module refs:   Init_SPI_B0
           ENTRY                   ADDRESS         REF BY
           =====                   =======         ======
           _A_UCB0CTLW0_L          0640 
           LOCAL                   ADDRESS         
           =====                   =======         
           UCB0CTLW0               0640 
           UCB0CTLW0_H             0641 
           UCB0CTLW0_L             0640 
    -------------------------------------------------------------------------
DATA16_AN
  Relative segment, address: 0646 - 0647 (0x2 bytes), align: 0
  Segment part 4. ROOT        Intra module refs:   Init_SPI_B0
           ENTRY                   ADDRESS         REF BY
           =====                   =======         ======
           _A_UCB0BRW_L            0646 
           LOCAL                   ADDRESS         
           =====                   =======         
           UCB0BRW                 0646 
           UCB0BRW_H               0647 
           UCB0BRW_L               0646 
    -------------------------------------------------------------------------
DATA16_AN
  Relative segment, address: 064E - 064F (0x2 bytes), align: 0
  Segment part 5. ROOT        Intra module refs:   SPI_B0_write
           ENTRY                   ADDRESS         REF BY
           =====                   =======         ======
           _A_UCB0TXBUF_L          064E 
           LOCAL                   ADDRESS         
           =====                   =======         
           UCB0TXBUF               064E 
           UCB0TXBUF_H             064F 
           UCB0TXBUF_L             064E 
    -------------------------------------------------------------------------
DATA16_AN
  Relative segment, address: 066C - 066D (0x2 bytes), align: 0
  Segment part 6. ROOT        Intra module refs:   SPI_B0_write
           ENTRY                   ADDRESS         REF BY
           =====                   =======         ======
           _A_UCB0IFG_L            066C 
           LOCAL                   ADDRESS         
           =====                   =======         
           UCB0IFG                 066C 
           UCB0IFG_H               066D 
           UCB0IFG_L               066C 
    -------------------------------------------------------------------------
DATA16_Z
  Relative segment, address: 1C45 - 1C4F (0xb bytes), align: 0
  Segment part 10.
           ENTRY                   ADDRESS         REF BY
           =====                   =======         ======
           display_line_1          1C45            Init_Conditions (init)
    -------------------------------------------------------------------------
DATA16_Z
  Relative segment, address: 1C50 - 1C5A (0xb bytes), align: 0
  Segment part 11.
           ENTRY                   ADDRESS         REF BY
           =====                   =======         ======
           display_line_2          1C50            Init_Conditions (init)
    -------------------------------------------------------------------------
DATA16_Z
  Relative segment, address: 1C5B - 1C65 (0xb bytes), align: 0
  Segment part 12.
           ENTRY                   ADDRESS         REF BY
           =====                   =======         ======
           display_line_3          1C5B            Init_Conditions (init)
    -------------------------------------------------------------------------
DATA16_Z
  Relative segment, address: 1C66 - 1C70 (0xb bytes), align: 0
  Segment part 13.
           ENTRY                   ADDRESS         REF BY
           =====                   =======         ======
           display_line_4          1C66            Init_Conditions (init)
    -------------------------------------------------------------------------
DATA16_Z
  Relative segment, address: 1C08 - 1C09 (0x2 bytes), align: 1
  Segment part 14.
           ENTRY                   ADDRESS         REF BY
           =====                   =======         ======
           display_1               1C08            Display_Process (LCDdisplay)
                                                   IPADDR (Serial)
                                                   Init_Conditions (init)
                                                   main (main)
    -------------------------------------------------------------------------
DATA16_Z
  Relative segment, address: 1C0A - 1C0B (0x2 bytes), align: 1
  Segment part 15.
           ENTRY                   ADDRESS         REF BY
           =====                   =======         ======
           display_2               1C0A            Display_Process (LCDdisplay)
                                                   IPADDR (Serial)
                                                   Init_Conditions (init)
                                                   main (main)
    -------------------------------------------------------------------------
DATA16_Z
  Relative segment, address: 1C0C - 1C0D (0x2 bytes), align: 1
  Segment part 16.
           ENTRY                   ADDRESS         REF BY
           =====                   =======         ======
           display_3               1C0C            Commands (Command)
                                                   Display_Process (LCDdisplay)
                                                   Init_Conditions (init)
                                                   main (main)
    -------------------------------------------------------------------------
DATA16_Z
  Relative segment, address: 1C0E - 1C0F (0x2 bytes), align: 1
  Segment part 17.
           ENTRY                   ADDRESS         REF BY
           =====                   =======         ======
           display_4               1C0E            Display_Process (LCDdisplay)
                                                   Init_Conditions (init)
                                                   main (main)
    -------------------------------------------------------------------------
<CODE> 1 (was CODE)
  Relative segment, address: D1D0 - D1E1 (0x12 bytes), align: 1
  Segment part 22.            Intra module refs:   Init_LCD
                                                   WriteData
                                                   WriteIns
           ENTRY                   ADDRESS         REF BY
           =====                   =======         ======
           spi_chipselect_idle     D1D0 
    -------------------------------------------------------------------------
<CODE> 1 (was CODE)
  Relative segment, address: D23A - D245 (0xc bytes), align: 1
  Segment part 23.            Intra module refs:   WriteData
                                                   WriteIns
           ENTRY                   ADDRESS         REF BY
           =====                   =======         ======
           spi_chipselect_active   D23A 
    -------------------------------------------------------------------------
<CODE> 1 (was CODE)
  Relative segment, address: D24E - D255 (0x8 bytes), align: 1
  Segment part 24.            Intra module refs:   Init_LCD
           ENTRY                   ADDRESS         REF BY
           =====                   =======         ======
           spi_reset_idle          D24E 
    -------------------------------------------------------------------------
<CODE> 1 (was CODE)
  Relative segment, address: D246 - D24D (0x8 bytes), align: 1
  Segment part 25.            Intra module refs:   Init_LCD
           ENTRY                   ADDRESS         REF BY
           =====                   =======         ======
           spi_reset_active        D246 
    -------------------------------------------------------------------------
<CODE> 1 (was CODE)
  Relative segment, address: CA08 - CAA7 (0xa0 bytes), align: 1
  Segment part 32.
           ENTRY                   ADDRESS         REF BY
           =====                   =======         ======
           Init_LCD                CA08            main (main)
               calls direct
    -------------------------------------------------------------------------
<CODE> 1 (was CODE)
  Relative segment, address: D0B6 - D0D9 (0x24 bytes), align: 1
  Segment part 36.
           ENTRY                   ADDRESS         REF BY
           =====                   =======         ======
           lcd_out                 D0B6            Display_Process (LCDdisplay)
               calls direct
    -------------------------------------------------------------------------
<CODE> 1 (was CODE)
  Relative segment, address: D06A - D08F (0x26 bytes), align: 1
  Segment part 27.            Intra module refs:   ClrDisplay
                                                   DisplayOnOff
                                                   Init_LCD
                                                   SetPostion
                                                   lcd_out
           ENTRY                   ADDRESS         REF BY
           =====                   =======         ======
           WriteIns                D06A 
               calls direct
    -------------------------------------------------------------------------
<CODE> 1 (was CODE)
  Relative segment, address: D090 - D0B5 (0x26 bytes), align: 1
  Segment part 35.            Intra module refs:   lcd_out
           ENTRY                   ADDRESS         REF BY
           =====                   =======         ======
           WriteData               D090 
               calls direct
    -------------------------------------------------------------------------
<CODE> 1 (was CODE)
  Relative segment, address: D22E - D239 (0xc bytes), align: 1
  Segment part 30.            Intra module refs:   Init_LCD
           ENTRY                   ADDRESS         REF BY
           =====                   =======         ======
           ClrDisplay              D22E            Display_Process (LCDdisplay)
               calls direct
    -------------------------------------------------------------------------
<CODE> 1 (was CODE)
  Relative segment, address: D19A - D1AB (0x12 bytes), align: 1
  Segment part 29.            Intra module refs:   ClrDisplay
           ENTRY                   ADDRESS         REF BY
           =====                   =======         ======
           SetPostion              D19A 
               calls direct
    -------------------------------------------------------------------------
<CODE> 1 (was CODE)
  Relative segment, address: D202 - D211 (0x10 bytes), align: 1
  Segment part 28.            Intra module refs:   Init_LCD
           ENTRY                   ADDRESS         REF BY
           =====                   =======         ======
           DisplayOnOff            D202 
               calls direct
    -------------------------------------------------------------------------
<CODE> 1 (was CODE)
  Relative segment, address: CFBC - CFF9 (0x3e bytes), align: 1
  Segment part 31.            Intra module refs:   Init_LCD
           ENTRY                   ADDRESS         REF BY
           =====                   =======         ======
           Init_SPI_B0             CFBC 
    -------------------------------------------------------------------------
<CODE> 1 (was CODE)
  Relative segment, address: D172 - D185 (0x14 bytes), align: 1
  Segment part 26.            Intra module refs:   WriteData
                                                   WriteIns
           ENTRY                   ADDRESS         REF BY
           =====                   =======         ======
           SPI_B0_write            D172 

    *************************************************************************

  FILE NAME : C:\Users\Ethan\Desktop\New folder (5)\Debug\Obj\LCDdisplay.r43
  PROGRAM MODULE, NAME : LCDdisplay

  SEGMENTS IN THE MODULE
  ======================
<CODE> 1 (was CODE)
  Relative segment, address: CF78 - CFBB (0x44 bytes), align: 1
  Segment part 2.
           ENTRY                   ADDRESS         REF BY
           =====                   =======         ======
           Display_Process         CF78            Commands (Command)
                                                   IPADDR (Serial)
                                                   main (main)
               calls direct

    *************************************************************************

  FILE NAME : C:\Users\Ethan\Desktop\New folder (5)\Debug\Obj\main.r43
  PROGRAM MODULE, NAME : main

  SEGMENTS IN THE MODULE
  ======================
DATA16_AN
  Relative segment, address: 0322 - 0323 (0x2 bytes), align: 0
  Segment part 1. ROOT        Intra module refs:   Init_PortJ (ports)
                                                   main
           ENTRY                   ADDRESS         REF BY
           =====                   =======         ======
           _A_PJOUT_L              0322 
           LOCAL                   ADDRESS         
           =====                   =======         
           PJOUT                   0322 
           PJOUT_H                 0323 
           PJOUT_L                 0322 
    -------------------------------------------------------------------------
DATA16_Z
  Relative segment, address: 1C10 - 1C11 (0x2 bytes), align: 1
  Segment part 6.             Intra module refs:   main
           ENTRY                   ADDRESS         REF BY
           =====                   =======         ======
           Time_Sequence           1C10 
    -------------------------------------------------------------------------
DATA16_Z
  Relative segment, address: 1C71 - 1C71 (0x1 bytes), align: 0
  Segment part 11.            Intra module refs:   main
           ENTRY                   ADDRESS         REF BY
           =====                   =======         ======
           posL1                   1C71            Display_Process (LCDdisplay)
    -------------------------------------------------------------------------
DATA16_Z
  Relative segment, address: 1C72 - 1C72 (0x1 bytes), align: 0
  Segment part 12.            Intra module refs:   main
           ENTRY                   ADDRESS         REF BY
           =====                   =======         ======
           posL2                   1C72            Display_Process (LCDdisplay)
    -------------------------------------------------------------------------
DATA16_Z
  Relative segment, address: 1C73 - 1C73 (0x1 bytes), align: 0
  Segment part 13.            Intra module refs:   main
           ENTRY                   ADDRESS         REF BY
           =====                   =======         ======
           posL3                   1C73            Display_Process (LCDdisplay)
    -------------------------------------------------------------------------
DATA16_Z
  Relative segment, address: 1C74 - 1C74 (0x1 bytes), align: 0
  Segment part 14.            Intra module refs:   main
           ENTRY                   ADDRESS         REF BY
           =====                   =======         ======
           posL4                   1C74            Display_Process (LCDdisplay)
    -------------------------------------------------------------------------
DATA16_Z
  Relative segment, address: 1C75 - 1C75 (0x1 bytes), align: 0
  Segment part 16.            Intra module refs:   main
           ENTRY                   ADDRESS         REF BY
           =====                   =======         ======
           big                     1C75 
    -------------------------------------------------------------------------
DATA16_Z
  Relative segment, address: 1C12 - 1C13 (0x2 bytes), align: 1
  Segment part 23.
           ENTRY                   ADDRESS         REF BY
           =====                   =======         ======
           Timer_Counter           1C12            Timer0_A0_ISR (timer_interupts)
                                                   five_msec_sleep (timers)
    -------------------------------------------------------------------------
DATA16_Z
  Relative segment, address: 1C14 - 1C15 (0x2 bytes), align: 1
  Segment part 24.
           ENTRY                   ADDRESS         REF BY
           =====                   =======         ======
           Thumbwheel_Counter      1C14            Timer1_A0_ISR (timer_interupts)
    -------------------------------------------------------------------------
DATA16_Z
  Relative segment, address: 1C76 - 1C76 (0x1 bytes), align: 0
  Segment part 25.
           ENTRY                   ADDRESS         REF BY
           =====                   =======         ======
           SW1_PRESSED             1C76            switch_interrupt (switch_interupts)
    -------------------------------------------------------------------------
DATA16_Z
  Relative segment, address: 1C77 - 1C77 (0x1 bytes), align: 0
  Segment part 26.
           ENTRY                   ADDRESS         REF BY
           =====                   =======         ======
           SW2_PRESSED             1C77            switch_interrupt (switch_interupts)
    -------------------------------------------------------------------------
DATA16_Z
  Relative segment, address: 1C78 - 1C78 (0x1 bytes), align: 0
  Segment part 29.
           ENTRY                   ADDRESS         REF BY
           =====                   =======         ======
           SW1_DCOUNT              1C78            TIMER0_A1_ISR (timer_interupts)
                                                   switch_interrupt (switch_interupts)
    -------------------------------------------------------------------------
DATA16_Z
  Relative segment, address: 1C79 - 1C79 (0x1 bytes), align: 0
  Segment part 30.
           ENTRY                   ADDRESS         REF BY
           =====                   =======         ======
           SW2_DCOUNT              1C79            TIMER0_A1_ISR (timer_interupts)
                                                   switch_interrupt (switch_interupts)
    -------------------------------------------------------------------------
DATA16_I
  Relative segment, address: 1C00 - 1C01 (0x2 bytes), align: 1
  Segment part 31.
           ENTRY                   ADDRESS         REF BY
           =====                   =======         ======
           left_forward_rate       1C00            Init_Timer_B1 (timers)
    -------------------------------------------------------------------------
DATA16_I
  Relative segment, address: 1C02 - 1C03 (0x2 bytes), align: 1
  Segment part 33.
           ENTRY                   ADDRESS         REF BY
           =====                   =======         ======
           right_forward_rate      1C02            Init_Timer_B1 (timers)
    -------------------------------------------------------------------------
DATA16_I
  Relative segment, address: 1C04 - 1C05 (0x2 bytes), align: 1
  Segment part 35.
           ENTRY                   ADDRESS         REF BY
           =====                   =======         ======
           right_reverse_rate      1C04            Init_Timer_B2 (timers)
    -------------------------------------------------------------------------
DATA16_I
  Relative segment, address: 1C06 - 1C07 (0x2 bytes), align: 1
  Segment part 37.
           ENTRY                   ADDRESS         REF BY
           =====                   =======         ======
           left_reverse_rate       1C06            Init_Timer_B2 (timers)
    -------------------------------------------------------------------------
DATA16_Z
  Relative segment, address: 1C16 - 1C17 (0x2 bytes), align: 1
  Segment part 47.
           ENTRY                   ADDRESS         REF BY
           =====                   =======         ======
           ADC_Thumb               1C16            ADC10_ISR (ADC)
    -------------------------------------------------------------------------
DATA16_Z
  Relative segment, address: 1C18 - 1C19 (0x2 bytes), align: 1
  Segment part 48.
           ENTRY                   ADDRESS         REF BY
           =====                   =======         ======
           ADC_RIGHT_DETECT        1C18            ADC10_ISR (ADC)
    -------------------------------------------------------------------------
DATA16_Z
  Relative segment, address: 1C1A - 1C1B (0x2 bytes), align: 1
  Segment part 49.
           ENTRY                   ADDRESS         REF BY
           =====                   =======         ======
           ADC_LEFT_DETECT         1C1A            ADC10_ISR (ADC)
    -------------------------------------------------------------------------
DATA16_Z
  Relative segment, address: 1C1C - 1C1D (0x2 bytes), align: 1
  Segment part 64.
           ENTRY                   ADDRESS         REF BY
           =====                   =======         ======
           start                   1C1C            Commands (Command)
    -------------------------------------------------------------------------
DATA16_Z
  Relative segment, address: 1C1E - 1C1F (0x2 bytes), align: 1
  Segment part 68.            Intra module refs:   main
           ENTRY                   ADDRESS         REF BY
           =====                   =======         ======
           Motion_Update_Counter   1C1E            Timer0_B0_ISR (timer_interupts)
    -------------------------------------------------------------------------
DATA16_Z
  Relative segment, address: 1C20 - 1C21 (0x2 bytes), align: 1
  Segment part 69.
           ENTRY                   ADDRESS         REF BY
           =====                   =======         ======
           AVG_Compare_Counter     1C20            Timer0_A0_ISR (timer_interupts)
    -------------------------------------------------------------------------
DATA16_Z
  Relative segment, address: 1C7A - 1C99 (0x20 bytes), align: 0
  Segment part 73.
           ENTRY                   ADDRESS         REF BY
           =====                   =======         ======
           USB_Char_Tx             1C7A            Init_Serial_UCA0 (Serial)
    -------------------------------------------------------------------------
DATA16_Z
  Relative segment, address: 1C22 - 1C23 (0x2 bytes), align: 1
  Segment part 74.
           ENTRY                   ADDRESS         REF BY
           =====                   =======         ======
           usb_rx_ring_wr          1C22            Init_Serial_UCA0 (Serial)
                                                   USCI_A0_ISR (comm_interrupt)
    -------------------------------------------------------------------------
DATA16_Z
  Relative segment, address: 1C24 - 1C25 (0x2 bytes), align: 1
  Segment part 75.
           ENTRY                   ADDRESS         REF BY
           =====                   =======         ======
           usb_tx_ring_wr          1C24            Init_Serial_UCA0 (Serial)
    -------------------------------------------------------------------------
DATA16_Z
  Relative segment, address: 1C26 - 1C27 (0x2 bytes), align: 1
  Segment part 76.
           ENTRY                   ADDRESS         REF BY
           =====                   =======         ======
           usb_tx_ring_rd          1C26            Init_Serial_UCA0 (Serial)
    -------------------------------------------------------------------------
DATA16_Z
  Relative segment, address: 1C28 - 1C29 (0x2 bytes), align: 1
  Segment part 77.
           ENTRY                   ADDRESS         REF BY
           =====                   =======         ======
           usb_rx_ring_rd          1C28            Init_Serial_UCA0 (Serial)
    -------------------------------------------------------------------------
DATA16_Z
  Relative segment, address: 1C9A - 1CA9 (0x10 bytes), align: 0
  Segment part 78.            Intra module refs:   main
           ENTRY                   ADDRESS         REF BY
           =====                   =======         ======
           USB_Char_Rx             1C9A            Init_Serial_UCA0 (Serial)
                                                   USCI_A0_ISR (comm_interrupt)
                                                   USCI_A1_ISR (comm_interrupt)
    -------------------------------------------------------------------------
DATA16_Z
  Relative segment, address: 1C2A - 1C2B (0x2 bytes), align: 1
  Segment part 79.            Intra module refs:   main
           ENTRY                   ADDRESS         REF BY
           =====                   =======         ======
           transmit_2_pc_ok        1C2A            USCI_A0_ISR (comm_interrupt)
                                                   USCI_A1_ISR (comm_interrupt)
    -------------------------------------------------------------------------
DATA16_Z
  Relative segment, address: 1C2C - 1C2D (0x2 bytes), align: 1
  Segment part 80.
           ENTRY                   ADDRESS         REF BY
           =====                   =======         ======
           iot_rx_ring_wr          1C2C            Init_Serial_UCA1 (Serial)
                                                   USCI_A1_ISR (comm_interrupt)
    -------------------------------------------------------------------------
DATA16_Z
  Relative segment, address: 1C2E - 1C2F (0x2 bytes), align: 1
  Segment part 81.
           ENTRY                   ADDRESS         REF BY
           =====                   =======         ======
           iot_tx_ring_wr          1C2E            Init_Serial_UCA1 (Serial)
    -------------------------------------------------------------------------
DATA16_Z
  Relative segment, address: 1C30 - 1C31 (0x2 bytes), align: 1
  Segment part 82.
           ENTRY                   ADDRESS         REF BY
           =====                   =======         ======
           iot_tx_ring_rd          1C30            Init_Serial_UCA1 (Serial)
    -------------------------------------------------------------------------
DATA16_Z
  Relative segment, address: 1C32 - 1C33 (0x2 bytes), align: 1
  Segment part 83.
           ENTRY                   ADDRESS         REF BY
           =====                   =======         ======
           iot_rx_ring_rd          1C32            Init_Serial_UCA1 (Serial)
    -------------------------------------------------------------------------
DATA16_Z
  Relative segment, address: 1CAA - 1CC9 (0x20 bytes), align: 0
  Segment part 84.
           ENTRY                   ADDRESS         REF BY
           =====                   =======         ======
           IOT_Char_Tx             1CAA            Init_Serial_UCA1 (Serial)
    -------------------------------------------------------------------------
DATA16_Z
  Relative segment, address: 1CCA - 1CD9 (0x10 bytes), align: 0
  Segment part 85.            Intra module refs:   main
           ENTRY                   ADDRESS         REF BY
           =====                   =======         ======
           IOT_Char_Rx             1CCA            IPADDR (Serial)
                                                   Init_Serial_UCA1 (Serial)
                                                   USCI_A1_ISR (comm_interrupt)
    -------------------------------------------------------------------------
DATA16_Z
  Relative segment, address: 1C34 - 1C35 (0x2 bytes), align: 1
  Segment part 86.            Intra module refs:   main
           ENTRY                   ADDRESS         REF BY
           =====                   =======         ======
           baud                    1C34            Commands (Command)
                                                   Init_Serial_UCA1 (Serial)
    -------------------------------------------------------------------------
DATA16_Z
  Relative segment, address: 1C36 - 1C37 (0x2 bytes), align: 1
  Segment part 90.            Intra module refs:   main
           ENTRY                   ADDRESS         REF BY
           =====                   =======         ======
           Transmission_Num        1C36 
    -------------------------------------------------------------------------
DATA16_Z
  Relative segment, address: 1C38 - 1C39 (0x2 bytes), align: 1
  Segment part 91.
           ENTRY                   ADDRESS         REF BY
           =====                   =======         ======
           b                       1C38            Commands (Command)
    -------------------------------------------------------------------------
DATA16_Z
  Relative segment, address: 1C3A - 1C3B (0x2 bytes), align: 1
  Segment part 92.
           ENTRY                   ADDRESS         REF BY
           =====                   =======         ======
           array                   1C3A            Commands (Command)
    -------------------------------------------------------------------------
DATA16_Z
  Relative segment, address: 1C3C - 1C3D (0x2 bytes), align: 1
  Segment part 96.
           ENTRY                   ADDRESS         REF BY
           =====                   =======         ======
           temp                    1C3C            USCI_A0_ISR (comm_interrupt)
    -------------------------------------------------------------------------
<CODE> 1 (was CODE)
  Relative segment, address: C8AA - C965 (0xbc bytes), align: 1
  Segment part 99.
           ENTRY                   ADDRESS         REF BY
           =====                   =======         ======
           main                    C8AA            Segment part 26 (?cstart)
               calls direct
    -------------------------------------------------------------------------
DATA16_ID
  Relative segment, address: C340 - C341 (0x2 bytes), align: 1
  Segment part 32.            Intra module refs:   left_forward_rate
    -------------------------------------------------------------------------
DATA16_ID
  Relative segment, address: C342 - C343 (0x2 bytes), align: 1
  Segment part 34.            Intra module refs:   right_forward_rate
    -------------------------------------------------------------------------
DATA16_ID
  Relative segment, address: C344 - C345 (0x2 bytes), align: 1
  Segment part 36.            Intra module refs:   right_reverse_rate
    -------------------------------------------------------------------------
DATA16_ID
  Relative segment, address: C346 - C347 (0x2 bytes), align: 1
  Segment part 38.            Intra module refs:   left_reverse_rate
    -------------------------------------------------------------------------
DATA16_C
  Relative segment, address: C25D - C25D (0x1 bytes), align: 0
  Segment part 3.             Intra module refs:   main
    -------------------------------------------------------------------------
DATA16_C
  Relative segment, address: C25E - C267 (0xa bytes), align: 0
  Segment part 4.             Intra module refs:   main

    *************************************************************************

  FILE NAME : C:\Users\Ethan\Desktop\New folder (5)\Debug\Obj\Motion.r43
  PROGRAM MODULE, NAME : Motion

  SEGMENTS IN THE MODULE
  ======================
DATA16_AN
  Relative segment, address: 0414 - 0415 (0x2 bytes), align: 0
  Segment part 1. ROOT        Intra module refs:   Init_Timer_B1 (timers)
                                                   PWM_FORWARD
                                                   PWM_REVERSE
                                                   PWM_STOP
           ENTRY                   ADDRESS         REF BY
           =====                   =======         ======
           TB1CCR1                 0414 
    -------------------------------------------------------------------------
DATA16_AN
  Relative segment, address: 0416 - 0417 (0x2 bytes), align: 0
  Segment part 2. ROOT        Intra module refs:   Init_Timer_B1 (timers)
                                                   PWM_FORWARD
                                                   PWM_REVERSE
                                                   PWM_STOP
           ENTRY                   ADDRESS         REF BY
           =====                   =======         ======
           TB1CCR2                 0416 
    -------------------------------------------------------------------------
DATA16_AN
  Relative segment, address: 0454 - 0455 (0x2 bytes), align: 0
  Segment part 3. ROOT        Intra module refs:   Init_Timer_B2 (timers)
                                                   PWM_FORWARD
                                                   PWM_REVERSE
                                                   PWM_STOP
           ENTRY                   ADDRESS         REF BY
           =====                   =======         ======
           TB2CCR1                 0454 
    -------------------------------------------------------------------------
DATA16_AN
  Relative segment, address: 0456 - 0457 (0x2 bytes), align: 0
  Segment part 4. ROOT        Intra module refs:   Init_Timer_B2 (timers)
                                                   PWM_FORWARD
                                                   PWM_REVERSE
                                                   PWM_STOP
           ENTRY                   ADDRESS         REF BY
           =====                   =======         ======
           TB2CCR2                 0456 
    -------------------------------------------------------------------------
<CODE> 1 (was CODE)
  Relative segment, address: D148 - D15D (0x16 bytes), align: 1
  Segment part 6.
           ENTRY                   ADDRESS         REF BY
           =====                   =======         ======
           PWM_FORWARD             D148            Commands (Command)
    -------------------------------------------------------------------------
<CODE> 1 (was CODE)
  Relative segment, address: D132 - D147 (0x16 bytes), align: 1
  Segment part 7.
           ENTRY                   ADDRESS         REF BY
           =====                   =======         ======
           PWM_REVERSE             D132            Commands (Command)
    -------------------------------------------------------------------------
<CODE> 1 (was CODE)
  Relative segment, address: D1BE - D1CF (0x12 bytes), align: 1
  Segment part 10.
           ENTRY                   ADDRESS         REF BY
           =====                   =======         ======
           PWM_STOP                D1BE            Commands (Command)

    *************************************************************************

  FILE NAME : C:\Users\Ethan\Desktop\New folder (5)\Debug\Obj\ports.r43
  PROGRAM MODULE, NAME : ports

  SEGMENTS IN THE MODULE
  ======================
DATA16_AN
  Relative segment, address: 0204 - 0205 (0x2 bytes), align: 0
  Segment part 2. ROOT        Intra module refs:   Init_Port1
                                                   Init_Port2
           ENTRY                   ADDRESS         REF BY
           =====                   =======         ======
           _A_PADIR_L              0204 
           LOCAL                   ADDRESS         
           =====                   =======         
           PADIR                   0204 
           PADIR_H                 0205 
           PADIR_L                 0204 
    -------------------------------------------------------------------------
DATA16_AN
  Relative segment, address: 0206 - 0207 (0x2 bytes), align: 0
  Segment part 3. ROOT        Intra module refs:   Init_Port1
                                                   Init_Port2
           ENTRY                   ADDRESS         REF BY
           =====                   =======         ======
           _A_PAREN_L              0206 
           LOCAL                   ADDRESS         
           =====                   =======         
           PAREN                   0206 
           PAREN_H                 0207 
           PAREN_L                 0206 
    -------------------------------------------------------------------------
DATA16_AN
  Relative segment, address: 020A - 020B (0x2 bytes), align: 0
  Segment part 4. ROOT        Intra module refs:   Init_Port1
                                                   Init_Port2
           ENTRY                   ADDRESS         REF BY
           =====                   =======         ======
           _A_PASEL0_L             020A 
           LOCAL                   ADDRESS         
           =====                   =======         
           PASEL0                  020A 
           PASEL0_H                020B 
           PASEL0_L                020A 
    -------------------------------------------------------------------------
DATA16_AN
  Relative segment, address: 020C - 020D (0x2 bytes), align: 0
  Segment part 5. ROOT        Intra module refs:   Init_Port1
                                                   Init_Port2
           ENTRY                   ADDRESS         REF BY
           =====                   =======         ======
           _A_PASEL1_L             020C 
           LOCAL                   ADDRESS         
           =====                   =======         
           PASEL1                  020C 
           PASEL1_H                020D 
           PASEL1_L                020C 
    -------------------------------------------------------------------------
DATA16_AN
  Relative segment, address: 0224 - 0225 (0x2 bytes), align: 0
  Segment part 7. ROOT        Intra module refs:   Init_Port3
                                                   Init_Port4
           ENTRY                   ADDRESS         REF BY
           =====                   =======         ======
           _A_PBDIR_L              0224 
           LOCAL                   ADDRESS         
           =====                   =======         
           PBDIR                   0224 
           PBDIR_H                 0225 
           PBDIR_L                 0224 
    -------------------------------------------------------------------------
DATA16_AN
  Relative segment, address: 0226 - 0227 (0x2 bytes), align: 0
  Segment part 8. ROOT        Intra module refs:   Init_Port3
                                                   Init_Port4
           ENTRY                   ADDRESS         REF BY
           =====                   =======         ======
           _A_PBREN_L              0226 
           LOCAL                   ADDRESS         
           =====                   =======         
           PBREN                   0226 
           PBREN_H                 0227 
           PBREN_L                 0226 
    -------------------------------------------------------------------------
DATA16_AN
  Relative segment, address: 022A - 022B (0x2 bytes), align: 0
  Segment part 9. ROOT        Intra module refs:   Init_Port3
                                                   Init_Port4
           ENTRY                   ADDRESS         REF BY
           =====                   =======         ======
           _A_PBSEL0_L             022A 
           LOCAL                   ADDRESS         
           =====                   =======         
           PBSEL0                  022A 
           PBSEL0_H                022B 
           PBSEL0_L                022A 
    -------------------------------------------------------------------------
DATA16_AN
  Relative segment, address: 022C - 022D (0x2 bytes), align: 0
  Segment part 10. ROOT       Intra module refs:   Init_Port3
                                                   Init_Port4
           ENTRY                   ADDRESS         REF BY
           =====                   =======         ======
           _A_PBSEL1_L             022C 
           LOCAL                   ADDRESS         
           =====                   =======         
           PBSEL1                  022C 
           PBSEL1_H                022D 
           PBSEL1_L                022C 
    -------------------------------------------------------------------------
DATA16_AN
  Relative segment, address: 0238 - 0239 (0x2 bytes), align: 0
  Segment part 11. ROOT       Intra module refs:   Init_Port4
           ENTRY                   ADDRESS         REF BY
           =====                   =======         ======
           _A_PBIES_L              0238 
           LOCAL                   ADDRESS         
           =====                   =======         
           PBIES                   0238 
           PBIES_H                 0239 
           PBIES_L                 0238 
    -------------------------------------------------------------------------
DATA16_AN
  Relative segment, address: 023A - 023B (0x2 bytes), align: 0
  Segment part 12. ROOT       Intra module refs:   Init_Port4
                                                   TIMER0_A1_ISR (timer_interupts)
                                                   switch_interrupt (switch_interupts)
           ENTRY                   ADDRESS         REF BY
           =====                   =======         ======
           _A_PBIE_L               023A 
           LOCAL                   ADDRESS         
           =====                   =======         
           PBIE                    023A 
           PBIE_H                  023B 
           PBIE_L                  023A 
    -------------------------------------------------------------------------
DATA16_AN
  Relative segment, address: 023C - 023D (0x2 bytes), align: 0
  Segment part 13. ROOT       Intra module refs:   Init_Port4
                                                   TIMER0_A1_ISR (timer_interupts)
                                                   switch_interrupt (switch_interupts)
           ENTRY                   ADDRESS         REF BY
           =====                   =======         ======
           _A_PBIFG_L              023C 
           LOCAL                   ADDRESS         
           =====                   =======         
           PBIFG                   023C 
           PBIFG_H                 023D 
           PBIFG_L                 023C 
    -------------------------------------------------------------------------
DATA16_AN
  Relative segment, address: 0324 - 0325 (0x2 bytes), align: 0
  Segment part 15. ROOT       Intra module refs:   Init_PortJ
           ENTRY                   ADDRESS         REF BY
           =====                   =======         ======
           _A_PJDIR_L              0324 
           LOCAL                   ADDRESS         
           =====                   =======         
           PJDIR                   0324 
           PJDIR_H                 0325 
           PJDIR_L                 0324 
    -------------------------------------------------------------------------
DATA16_AN
  Relative segment, address: 032A - 032B (0x2 bytes), align: 0
  Segment part 16. ROOT       Intra module refs:   Init_PortJ
           ENTRY                   ADDRESS         REF BY
           =====                   =======         ======
           _A_PJSEL0_L             032A 
           LOCAL                   ADDRESS         
           =====                   =======         
           PJSEL0                  032A 
           PJSEL0_H                032B 
           PJSEL0_L                032A 
    -------------------------------------------------------------------------
DATA16_AN
  Relative segment, address: 032C - 032D (0x2 bytes), align: 0
  Segment part 17. ROOT       Intra module refs:   Init_PortJ
           ENTRY                   ADDRESS         REF BY
           =====                   =======         ======
           _A_PJSEL1_L             032C 
           LOCAL                   ADDRESS         
           =====                   =======         
           PJSEL1                  032C 
           PJSEL1_H                032D 
           PJSEL1_L                032C 
    -------------------------------------------------------------------------
<CODE> 1 (was CODE)
  Relative segment, address: D186 - D199 (0x14 bytes), align: 1
  Segment part 24.
           ENTRY                   ADDRESS         REF BY
           =====                   =======         ======
           Init_Ports              D186            main (main)
               calls direct
    -------------------------------------------------------------------------
<CODE> 1 (was CODE)
  Relative segment, address: CB46 - CBD9 (0x94 bytes), align: 1
  Segment part 23.            Intra module refs:   Init_Ports
           ENTRY                   ADDRESS         REF BY
           =====                   =======         ======
           Init_Port1              CB46 
    -------------------------------------------------------------------------
<CODE> 1 (was CODE)
  Relative segment, address: CD34 - CDA3 (0x70 bytes), align: 1
  Segment part 22.            Intra module refs:   Init_Ports
           ENTRY                   ADDRESS         REF BY
           =====                   =======         ======
           Init_Port2              CD34 
    -------------------------------------------------------------------------
<CODE> 1 (was CODE)
  Relative segment, address: C966 - CA07 (0xa2 bytes), align: 1
  Segment part 21.            Intra module refs:   Init_Ports
           ENTRY                   ADDRESS         REF BY
           =====                   =======         ======
           Init_Port3              C966 
    -------------------------------------------------------------------------
<CODE> 1 (was CODE)
  Relative segment, address: CE48 - CE95 (0x4e bytes), align: 1
  Segment part 20.            Intra module refs:   Init_Ports
           ENTRY                   ADDRESS         REF BY
           =====                   =======         ======
           Init_Port4              CE48 
    -------------------------------------------------------------------------
<CODE> 1 (was CODE)
  Relative segment, address: CE96 - CEE3 (0x4e bytes), align: 1
  Segment part 19.            Intra module refs:   Init_Ports
           ENTRY                   ADDRESS         REF BY
           =====                   =======         ======
           Init_PortJ              CE96 

    *************************************************************************

  FILE NAME : C:\Users\Ethan\Desktop\New folder (5)\Debug\Obj\PWM_interrupt.r43
  PROGRAM MODULE, NAME : PWM_interrupt

  SEGMENTS IN THE MODULE
  ======================
DATA16_AN
  Relative segment, address: 042E - 042F (0x2 bytes), align: 0
  Segment part 2. ROOT        Intra module refs:   TIMER1_B1_ISR
           ENTRY                   ADDRESS         REF BY
           =====                   =======         ======
           TB1IV                   042E 
    -------------------------------------------------------------------------
ISR_CODE
  Relative segment, address: C47C - C4A5 (0x2a bytes), align: 1
  Segment part 5.             Intra module refs:   TIMER1_B1_ISR::??INTVEC 74
           ENTRY                   ADDRESS         REF BY
           =====                   =======         ======
           TIMER1_B1_ISR           C47C 
               interrupt function
    -------------------------------------------------------------------------
INTVEC
  Common segment, address: FF90 - FFDB (0x4c bytes), align: 1
  Segment part 3. ROOT 
           ENTRY                   ADDRESS         REF BY
           =====                   =======         ======
           TIMER1_B1_ISR::??INTVEC 74
                                   FFDA 

    *************************************************************************

  FILE NAME : C:\Users\Ethan\Desktop\New folder (5)\Debug\Obj\Serial.r43
  PROGRAM MODULE, NAME : Serial

  SEGMENTS IN THE MODULE
  ======================
DATA16_AN
  Relative segment, address: 05C0 - 05C1 (0x2 bytes), align: 0
  Segment part 1. ROOT        Intra module refs:   Init_Serial_UCA0
           ENTRY                   ADDRESS         REF BY
           =====                   =======         ======
           _A_UCA0CTLW0_L          05C0 
           LOCAL                   ADDRESS         
           =====                   =======         
           UCA0CTLW0               05C0 
           UCA0CTLW0_H             05C1 
           UCA0CTLW0_L             05C0 
    -------------------------------------------------------------------------
DATA16_AN
  Relative segment, address: 05C6 - 05C7 (0x2 bytes), align: 0
  Segment part 2. ROOT        Intra module refs:   Init_Serial_UCA0
           ENTRY                   ADDRESS         REF BY
           =====                   =======         ======
           _A_UCA0BRW_L            05C6 
           LOCAL                   ADDRESS         
           =====                   =======         
           UCA0BRW                 05C6 
           UCA0BRW_H               05C7 
           UCA0BRW_L               05C6 
    -------------------------------------------------------------------------
DATA16_AN
  Relative segment, address: 05C8 - 05C9 (0x2 bytes), align: 0
  Segment part 3. ROOT        Intra module refs:   Init_Serial_UCA0
           ENTRY                   ADDRESS         REF BY
           =====                   =======         ======
           _A_UCA0MCTLW_L          05C8 
           LOCAL                   ADDRESS         
           =====                   =======         
           UCA0MCTLW               05C8 
           UCA0MCTLW_H             05C9 
           UCA0MCTLW_L             05C8 
    -------------------------------------------------------------------------
DATA16_AN
[...]
  Segment part 31. ROOT       Intra module refs:   Init_Timer_B2
           ENTRY                   ADDRESS         REF BY
           =====                   =======         ======
           TB2CTL                  0440 
    -------------------------------------------------------------------------
DATA16_AN
  Relative segment, address: 0444 - 0445 (0x2 bytes), align: 0
  Segment part 32. ROOT       Intra module refs:   Init_Timer_B2
           ENTRY                   ADDRESS         REF BY
           =====                   =======         ======
           TB2CCTL1                0444 
    -------------------------------------------------------------------------
DATA16_AN
  Relative segment, address: 0446 - 0447 (0x2 bytes), align: 0
  Segment part 33. ROOT       Intra module refs:   Init_Timer_B2
           ENTRY                   ADDRESS         REF BY
           =====                   =======         ======
           TB2CCTL2                0446 
    -------------------------------------------------------------------------
DATA16_AN
  Relative segment, address: 0452 - 0453 (0x2 bytes), align: 0
  Segment part 34. ROOT       Intra module refs:   Init_Timer_B2
           ENTRY                   ADDRESS         REF BY
           =====                   =======         ======
           TB2CCR0                 0452 
    -------------------------------------------------------------------------
<CODE> 1 (was CODE)
  Relative segment, address: D1F2 - D201 (0x10 bytes), align: 1
  Segment part 42.
           ENTRY                   ADDRESS         REF BY
           =====                   =======         ======
           Init_Timers             D1F2            main (main)
               calls direct
    -------------------------------------------------------------------------
<CODE> 1 (was CODE)
  Relative segment, address: CF2E - CF77 (0x4a bytes), align: 1
  Segment part 41.            Intra module refs:   Init_Timers
           ENTRY                   ADDRESS         REF BY
           =====                   =======         ======
           Init_Timer_A0           CF2E 
    -------------------------------------------------------------------------
<CODE> 1 (was CODE)
  Relative segment, address: CEE4 - CF2D (0x4a bytes), align: 1
  Segment part 40.            Intra module refs:   Init_Timers
           ENTRY                   ADDRESS         REF BY
           =====                   =======         ======
           Init_Timer_B0           CEE4 
    -------------------------------------------------------------------------
<CODE> 1 (was CODE)
  Relative segment, address: CFFA - D031 (0x38 bytes), align: 1
  Segment part 39.            Intra module refs:   Init_Timers
           ENTRY                   ADDRESS         REF BY
           =====                   =======         ======
           Init_Timer_B1           CFFA 
    -------------------------------------------------------------------------
<CODE> 1 (was CODE)
  Relative segment, address: D032 - D069 (0x38 bytes), align: 1
  Segment part 38.            Intra module refs:   Init_Timers
           ENTRY                   ADDRESS         REF BY
           =====                   =======         ======
           Init_Timer_B2           D032 
    -------------------------------------------------------------------------
<CODE> 1 (was CODE)
  Relative segment, address: D116 - D131 (0x1c bytes), align: 1
  Segment part 45.
           ENTRY                   ADDRESS         REF BY
           =====                   =======         ======
           five_msec_sleep         D116            Commands (Command)
                                                   IPADDR (Serial)
                                                   main (main)

    *************************************************************************

  FILE NAME : C:\Program Files (x86)\IAR Systems\Embedded Workbench 7.4\430\lib\dlib\dl430xlsfn.r43
  LIBRARY MODULE, NAME : ?__dbg_break

  SEGMENTS IN THE MODULE
  ======================
<CODE> 1 (was CODE)
  Relative segment, address: D268 - D269 (0x2 bytes), align: 1
  Segment part 2.
           ENTRY                   ADDRESS         REF BY
           =====                   =======         ======
           __DebugBreak            D268            __exit (?__exit)

    -------------------------------------------------------------------------
  LIBRARY MODULE, NAME : ?__exit

  SEGMENTS IN THE MODULE
  ======================
<CODE> 1 (was CODE)
  Relative segment, address: D15E - D171 (0x14 bytes), align: 1
  Segment part 2.
           ENTRY                   ADDRESS         REF BY
           =====                   =======         ======
           __exit                  D15E            Segment part 6 (?_exit)
                                                   _exit (?_exit)
               calls direct

    -------------------------------------------------------------------------
  LIBRARY MODULE, NAME : ?_exit

  SEGMENTS IN THE MODULE
  ======================
<CODE> 1 (was CODE)
  Relative segment, address: D264, align: 1
  Segment part 0.
           ENTRY                   ADDRESS         REF BY
           =====                   =======         ======
           _exit                   D264            exit (?exit)
    -------------------------------------------------------------------------
<CODE> 1 (was CODE)
  Relative segment, address: D264 - D267 (0x4 bytes), align: 1
  Segment part 6.             Intra module refs:   _exit

    -------------------------------------------------------------------------
  LIBRARY MODULE, NAME : ?cstart

  SEGMENTS IN THE MODULE
  ======================
CSTACK
  Relative segment, address: 1F60, align: 1
  Segment part 1.
    -------------------------------------------------------------------------
DATA16_Z
  Relative segment, address: 1C44, align: 1
  Segment part 2.
    -------------------------------------------------------------------------
DATA16_I
  Relative segment, address: 1C08, align: 1
  Segment part 3.
    -------------------------------------------------------------------------
DATA16_ID
  Relative segment, address: C348, align: 1
  Segment part 4.
    -------------------------------------------------------------------------
CODE_I
  Relative segment, address: 1CEC, align: 1
  Segment part 5.
    -------------------------------------------------------------------------
CODE_ID
  Relative segment, address: C596, align: 1
  Segment part 6.
    -------------------------------------------------------------------------
DATA20_Z
  Relative segment, address: 1CEC, align: 1
  Segment part 7.
    -------------------------------------------------------------------------
DATA20_I
  Relative segment, address: 1CEC, align: 1
  Segment part 8.
    -------------------------------------------------------------------------
DATA20_ID
  Relative segment, address: C348, align: 1
  Segment part 9.
    -------------------------------------------------------------------------
DATA20_C
  Relative segment, address: C348, align: 1
  Segment part 10.
    -------------------------------------------------------------------------
DATA20_N
  Relative segment, address: 1CEC, align: 1
  Segment part 12.
    -------------------------------------------------------------------------
CSTART
  Relative segment, address: C348 - C34B (0x4 bytes), align: 1
  Segment part 15.
           ENTRY                   ADDRESS         REF BY
           =====                   =======         ======
           __program_start         C348            ?reset_vector (?reset_vector)
                                                   Absolute parts (?ABS_ENTRY_MOD)
           ?cstart_begin           C348 
    -------------------------------------------------------------------------
CSTART
  Relative segment, address: C34C - C357 (0xc bytes), align: 1
  Segment part 19.
           ENTRY                   ADDRESS         REF BY
           =====                   =======         ======
           ?cstart_init_zero       C34C            ADC_Channel (ADC)
                                                   ADC_LEFT_DETECT (main)
                                                   ADC_RIGHT_DETECT (main)
                                                   ADC_Thumb (main)
                                                   AVG_Compare_Counter (main)
                                                   IOT_Char_Rx (main)
                                                   IOT_Char_Tx (main)
                                                   Motion_Update_Counter (main)
                                                   SW1_DCOUNT (main)
                                                   SW1_PRESSED (main)
                                                   SW2_DCOUNT (main)
                                                   SW2_PRESSED (main)
                                                   Thumbwheel_Counter (main)
                                                   Time_Sequence (main)
                                                   Timer_Counter (main)
                                                   Transmission_Num (main)
                                                   USB_Char_Rx (main)
                                                   USB_Char_Tx (main)
                                                   array (main)
                                                   array1 (Serial)
                                                   array2 (Serial)
                                                   b (main)
                                                   baud (main)
                                                   big (main)
                                                   display_1 (LCD)
                                                   display_2 (LCD)
                                                   display_3 (LCD)
                                                   display_4 (LCD)
                                                   display_line_1 (LCD)
                                                   display_line_2 (LCD)
                                                   display_line_3 (LCD)
                                                   display_line_4 (LCD)
                                                   iot_rx_ring_rd (main)
                                                   iot_rx_ring_wr (main)
                                                   iot_tx_ring_rd (main)
                                                   iot_tx_ring_wr (main)
                                                   l (Serial)
                                                   m (Serial)
                                                   posL1 (main)
                                                   posL2 (main)
                                                   posL3 (main)
                                                   posL4 (main)
                                                   start (main)
                                                   temp (main)
                                                   time (timer_interupts)
                                                   transmit_2_pc_ok (main)
                                                   usb_rx_ring_rd (main)
                                                   usb_rx_ring_wr (main)
                                                   usb_tx_ring_rd (main)
                                                   usb_tx_ring_wr (main)
    -------------------------------------------------------------------------
CSTART
  Relative segment, address: C358 - C367 (0x10 bytes), align: 1
  Segment part 20.
           ENTRY                   ADDRESS         REF BY
           =====                   =======         ======
           ?cstart_init_copy       C358            left_forward_rate (main)
                                                   left_reverse_rate (main)
                                                   right_forward_rate (main)
                                                   right_reverse_rate (main)
    -------------------------------------------------------------------------
CSTART
  Relative segment, address: C368 - C36F (0x8 bytes), align: 1
  Segment part 26.            Intra module refs:   Segment part 15
           ENTRY                   ADDRESS         REF BY
           =====                   =======         ======
           ?cstart_call_main       C368 
           ?cstart_end             C370 
    -------------------------------------------------------------------------
CODE_ID
  Relative segment, address: C596, align: 1
  Segment part 27.            Intra module refs:   Segment part 5

    -------------------------------------------------------------------------
  LIBRARY MODULE, NAME : ?reset_vector

  SEGMENTS IN THE MODULE
  ======================
RESET
  Relative segment, address: FFFE - FFFF (0x2 bytes), align: 1
  Segment part 0.
           ENTRY                   ADDRESS         REF BY
           =====                   =======         ======
           ?reset_vector           FFFE            Segment part 15 (?cstart)

    -------------------------------------------------------------------------
  LIBRARY MODULE, NAME : ?exit

  SEGMENTS IN THE MODULE
  ======================
<CODE> 1 (was CODE)
  Relative segment, address: D260 - D263 (0x4 bytes), align: 1
  Segment part 2.
           ENTRY                   ADDRESS         REF BY
           =====                   =======         ======
           exit                    D260            Segment part 26 (?cstart)
               calls direct

    -------------------------------------------------------------------------
  LIBRARY MODULE, NAME : ?memcpy

  SEGMENTS IN THE MODULE
  ======================
<CODE> 1 (was CODE)
  Relative segment, address: D1AC - D1BD (0x12 bytes), align: 1
  Segment part 2.
           ENTRY                   ADDRESS         REF BY
           =====                   =======         ======
           memcpy                  D1AC            __data16_memcpy (?memzero)

    -------------------------------------------------------------------------
  LIBRARY MODULE, NAME : ?memzero

  SEGMENTS IN THE MODULE
  ======================
<CODE> 1 (was CODE)
  Relative segment, address: D1E2 - D1F1 (0x10 bytes), align: 1
  Segment part 2.
           ENTRY                   ADDRESS         REF BY
           =====                   =======         ======
           __data16_memzero        D1E2            ?cstart_init_zero (?cstart)
    -------------------------------------------------------------------------
<CODE> 1 (was CODE)
  Relative segment, address: D25C - D25F (0x4 bytes), align: 1
  Segment part 3.
           ENTRY                   ADDRESS         REF BY
           =====                   =======         ======
           __data16_memcpy         D25C            ?cstart_init_copy (?cstart)
               calls direct




                ****************************************
                *                                      *
                *      SEGMENTS IN ADDRESS ORDER       *
                *                                      *
                ****************************************


SEGMENT              SPACE    START ADDRESS   END ADDRESS     SIZE  TYPE  ALIGN
=======              =====    =============   ===========     ====  ====  =====
DATA16_AN                              015C - 015D               2   rel    0
                                       0160 - 0169               A 
                                       0202 - 0207               6 
                                       020A - 020D               4 
                                       0220 - 0227               8 
                                       022A - 022D               4 
                                       0238 - 023D               6 
                                       0322 - 0325               4 
                                       032A - 032D               4 
                                       0340 - 0347               8 
                                       0350 - 0357               8 
                                       0360 - 0361               2 
                                       036E - 036F               2 
                                       0380 - 0387               8 
                                       0392 - 0397               6 
                                       03A0 - 03A1               2 
                                       03C0 - 03C7               8 
                                       03D2 - 03D7               6 
                                       03E0 - 03E1               2 
                                       0400 - 0401               2 
                                       0404 - 0407               4 
                                       0412 - 0417               6 
                                       042E - 042F               2 
                                       0440 - 0441               2 
                                       0444 - 0447               4 
                                       0452 - 0457               6 
                                       05C0 - 05C1               2 
                                       05C6 - 05C9               4 
                                       05CC - 05CF               4 
                                       05DA - 05E1               8 
                                       05E6 - 05E9               4 
                                       05EC - 05EF               4 
                                       05FA - 05FF               6 
                                       0640 - 0641               2 
                                       0646 - 0647               2 
                                       064E - 064F               2 
                                       066C - 066D               2 
                                       0700 - 0705               6 
                                       070A - 070B               2 
                                       0712 - 0713               2 
                                       071A - 071B               2 
                                       071E - 071F               2 
DATA16_I                               1C00 - 1C07               8   rel    1
DATA16_Z                               1C08 - 1CEB              E4   rel    1
CODE_I                                    1CEC                       rel    1
DATA20_I                                  1CEC                       rel    1
DATA20_Z                                  1CEC                       rel    1
DATA20_N                                  1CEC                       rel    1
CSTACK                                 1F60 - 1FFF              A0   rel    1
DATA16_C                               C200 - C33F             140   rel    0
DATA16_ID                              C340 - C347               8   rel    1
DATA20_C                                  C348                       rel    1
DATA20_ID                                 C348                       rel    1
CSTART                                 C348 - C36F              28   rel    1
ISR_CODE                               C370 - C595             226   rel    1
CODE_ID                                   C596                       rel    1
<CODE> 1                               C596 - D269             CD4   rel    1
INTVEC                                 FF90 - FFF7              68   com    1
RESET                                  FFFE - FFFF               2   rel    1

                ****************************************
                *                                      *
                *        END OF CROSS REFERENCE        *
                *                                      *
                ****************************************

 3 980 bytes of CODE  memory
   396 bytes of DATA  memory (+ 180 absolute )
   328 bytes of CONST memory

Errors: none
Warnings: none

